// Jest Snapshot v1, https://goo.gl/fbAQLP

exports[`Query.chats should fetch all chats 1`] = `
Object {
  "chats": Array [
    Object {
      "id": "1",
      "lastMessage": Object {
        "content": "You on your way?",
        "createdAt": "2018-12-31T07:20:00.000Z",
        "id": "1",
      },
      "name": "Ethan Gonzalez",
      "picture": "https://robohash.org/ethan?set=set5",
    },
    Object {
      "id": "2",
      "lastMessage": Object {
        "content": "Hey, it's me",
        "createdAt": "2018-12-30T14:40:00.000Z",
        "id": "2",
      },
      "name": "Bryan Wallace",
      "picture": "https://robohash.org/bryan?set=set5",
    },
    Object {
      "id": "3",
      "lastMessage": Object {
        "content": "I should buy a boat",
        "createdAt": "2018-12-15T08:00:00.000Z",
        "id": "3",
      },
      "name": "Avery Stewart",
      "picture": "https://robohash.org/avery?set=set5",
    },
    Object {
      "id": "4",
      "lastMessage": Object {
        "content": "This is wicked good ice cream.",
        "createdAt": "2018-05-12T16:00:00.000Z",
        "id": "4",
      },
      "name": "Katie Peterson",
      "picture": "https://robohash.org/katie?set=set5",
    },
  ],
}
`;
